// Jest Snapshot v1, https://goo.gl/fbAQLP

exports[`<List /> renders a list of users 1`] = `
<View
  style={
    Object {
      "flex": 1,
      "marginTop": 20,
    }
  }
>
  <View>
    <View
      style={
        Object {
          "alignItems": "center",
          "backgroundColor": "#ffffff",
          "borderBottomWidth": 0.5,
          "borderColor": "#bcbbc1",
          "flexDirection": "row",
          "padding": 14,
        }
      }
      testID="RNE__LISTITEM__padView"
    >
      <View
        style={
          Object {
            "backgroundColor": "transparent",
            "height": 34,
            "width": 34,
          }
        }
        theme={
          Object {
            "colors": Object {
              "background": "#ffffff",
              "black": "#242424",
              "disabled": "hsl(208, 8%, 90%)",
              "divider": "#bcbbc1",
              "error": "#ff190c",
              "grey0": "#393e42",
              "grey1": "#43484d",
              "grey2": "#5e6977",
              "grey3": "#86939e",
              "grey4": "#bdc6cf",
              "grey5": "#e1e8ee",
              "greyOutline": "#bbb",
              "platform": Object {
                "android": Object {
                  "error": "#f44336",
                  "grey": "rgba(0, 0, 0, 0.54)",
                  "primary": "#2196f3",
                  "searchBg": "#dcdce1",
                  "secondary": "#9C27B0",
                  "success": "#4caf50",
                  "warning": "#ffeb3b",
                },
                "default": Object {
                  "error": "#ff3b30",
                  "grey": "#7d7d7d",
                  "primary": "#007aff",
                  "searchBg": "#dcdce1",
                  "secondary": "#5856d6",
                  "success": "#4cd964",
                  "warning": "#ffcc00",
                },
                "ios": Object {
                  "error": "#ff3b30",
                  "grey": "#7d7d7d",
                  "primary": "#007aff",
                  "searchBg": "#dcdce1",
                  "secondary": "#5856d6",
                  "success": "#4cd964",
                  "warning": "#ffcc00",
                },
                "web": Object {
                  "error": "#ff190c",
                  "grey": "#393e42",
                  "primary": "#2089dc",
                  "searchBg": "#303337",
                  "secondary": "#ca71eb",
                  "success": "#52c41a",
                  "warning": "#faad14",
                },
              },
              "primary": "#2089dc",
              "searchBg": "#303337",
              "secondary": "#03dac4",
              "success": "#52c41a",
              "warning": "#faad14",
              "white": "#ffffff",
            },
            "spacing": Object {
              "lg": 12,
              "md": 8,
              "sm": 4,
              "xl": 24,
              "xs": 2,
            },
          }
        }
      >
        <View
          accessibilityIgnoresInvertColors={true}
          style={
            Object {
              "backgroundColor": "transparent",
              "flex": 1,
              "overflow": "hidden",
              "position": "relative",
            }
          }
        >
          <Image
            onLoad={[Function]}
            source={
              Object {
                "uri": "https://www.test1.com",
              }
            }
            style={
              Object {
                "bottom": 0,
                "flex": 1,
                "height": undefined,
                "left": 0,
                "position": "absolute",
                "right": 0,
                "top": 0,
                "width": undefined,
              }
            }
            testID="RNE__Avatar__Image"
            transitionDuration={360}
          />
          <View
            accessibilityElementsHidden={true}
            collapsable={false}
            importantForAccessibility="no-hide-descendants"
            pointerEvents="none"
            style={
              Object {
                "bottom": 0,
                "left": 0,
                "opacity": 1,
                "position": "absolute",
                "right": 0,
                "top": 0,
              }
            }
          >
            <View
              style={
                Object {
                  "alignItems": "center",
                  "backgroundColor": "#bdbdbd",
                  "flex": 1,
                  "height": undefined,
                  "justifyContent": "center",
                  "width": undefined,
                }
              }
              testID="RNE__Image__placeholder"
            />
          </View>
          <View
            style={
              Object {
                "flex": 1,
                "height": undefined,
                "width": undefined,
              }
            }
            testID="RNE__Image__children__container"
          />
        </View>
      </View>
      <View
        style={
          Object {
            "paddingLeft": 16,
          }
        }
      />
      <View
        style={
          Array [
            Object {
              "alignItems": "flex-start",
              "flex": 1,
              "justifyContent": "center",
            },
            undefined,
          ]
        }
        theme={
          Object {
            "colors": Object {
              "background": "#ffffff",
              "black": "#242424",
              "disabled": "hsl(208, 8%, 90%)",
              "divider": "#bcbbc1",
              "error": "#ff190c",
              "grey0": "#393e42",
              "grey1": "#43484d",
              "grey2": "#5e6977",
              "grey3": "#86939e",
              "grey4": "#bdc6cf",
              "grey5": "#e1e8ee",
              "greyOutline": "#bbb",
              "platform": Object {
                "android": Object {
                  "error": "#f44336",
                  "grey": "rgba(0, 0, 0, 0.54)",
                  "primary": "#2196f3",
                  "searchBg": "#dcdce1",
                  "secondary": "#9C27B0",
                  "success": "#4caf50",
                  "warning": "#ffeb3b",
                },
                "default": Object {
                  "error": "#ff3b30",
                  "grey": "#7d7d7d",
                  "primary": "#007aff",
                  "searchBg": "#dcdce1",
                  "secondary": "#5856d6",
                  "success": "#4cd964",
                  "warning": "#ffcc00",
                },
                "ios": Object {
                  "error": "#ff3b30",
                  "grey": "#7d7d7d",
                  "primary": "#007aff",
                  "searchBg": "#dcdce1",
                  "secondary": "#5856d6",
                  "success": "#4cd964",
                  "warning": "#ffcc00",
                },
                "web": Object {
                  "error": "#ff190c",
                  "grey": "#393e42",
                  "primary": "#2089dc",
                  "searchBg": "#303337",
                  "secondary": "#ca71eb",
                  "success": "#52c41a",
                  "warning": "#faad14",
                },
              },
              "primary": "#2089dc",
              "searchBg": "#303337",
              "secondary": "#03dac4",
              "success": "#52c41a",
              "warning": "#faad14",
              "white": "#ffffff",
            },
            "spacing": Object {
              "lg": 12,
              "md": 8,
              "sm": 4,
              "xl": 24,
              "xs": 2,
            },
          }
        }
      >
        <Text
          accessibilityRole="text"
          style={
            Object {
              "backgroundColor": "transparent",
              "color": "#242424",
              "fontSize": 17,
            }
          }
          testID="listItemTitle"
        >
          John Doe
        </Text>
      </View>
    </View>
  </View>
  <View>
    <View
      style={
        Object {
          "alignItems": "center",
          "backgroundColor": "#ffffff",
          "borderBottomWidth": 0.5,
          "borderColor": "#bcbbc1",
          "flexDirection": "row",
          "padding": 14,
        }
      }
      testID="RNE__LISTITEM__padView"
    >
      <View
        style={
          Object {
            "backgroundColor": "transparent",
            "height": 34,
            "width": 34,
          }
        }
        theme={
          Object {
            "colors": Object {
              "background": "#ffffff",
              "black": "#242424",
              "disabled": "hsl(208, 8%, 90%)",
              "divider": "#bcbbc1",
              "error": "#ff190c",
              "grey0": "#393e42",
              "grey1": "#43484d",
              "grey2": "#5e6977",
              "grey3": "#86939e",
              "grey4": "#bdc6cf",
              "grey5": "#e1e8ee",
              "greyOutline": "#bbb",
              "platform": Object {
                "android": Object {
                  "error": "#f44336",
                  "grey": "rgba(0, 0, 0, 0.54)",
                  "primary": "#2196f3",
                  "searchBg": "#dcdce1",
                  "secondary": "#9C27B0",
                  "success": "#4caf50",
                  "warning": "#ffeb3b",
                },
                "default": Object {
                  "error": "#ff3b30",
                  "grey": "#7d7d7d",
                  "primary": "#007aff",
                  "searchBg": "#dcdce1",
                  "secondary": "#5856d6",
                  "success": "#4cd964",
                  "warning": "#ffcc00",
                },
                "ios": Object {
                  "error": "#ff3b30",
                  "grey": "#7d7d7d",
                  "primary": "#007aff",
                  "searchBg": "#dcdce1",
                  "secondary": "#5856d6",
                  "success": "#4cd964",
                  "warning": "#ffcc00",
                },
                "web": Object {
                  "error": "#ff190c",
                  "grey": "#393e42",
                  "primary": "#2089dc",
                  "searchBg": "#303337",
                  "secondary": "#ca71eb",
                  "success": "#52c41a",
                  "warning": "#faad14",
                },
              },
              "primary": "#2089dc",
              "searchBg": "#303337",
              "secondary": "#03dac4",
              "success": "#52c41a",
              "warning": "#faad14",
              "white": "#ffffff",
            },
            "spacing": Object {
              "lg": 12,
              "md": 8,
              "sm": 4,
              "xl": 24,
              "xs": 2,
            },
          }
        }
      >
        <View
          accessibilityIgnoresInvertColors={true}
          style={
            Object {
              "backgroundColor": "transparent",
              "flex": 1,
              "overflow": "hidden",
              "position": "relative",
            }
          }
        >
          <Image
            onLoad={[Function]}
            source={
              Object {
                "uri": "https://www.test2.com",
              }
            }
            style={
              Object {
                "bottom": 0,
                "flex": 1,
                "height": undefined,
                "left": 0,
                "position": "absolute",
                "right": 0,
                "top": 0,
                "width": undefined,
              }
            }
            testID="RNE__Avatar__Image"
            transitionDuration={360}
          />
          <View
            accessibilityElementsHidden={true}
            collapsable={false}
            importantForAccessibility="no-hide-descendants"
            pointerEvents="none"
            style={
              Object {
                "bottom": 0,
                "left": 0,
                "opacity": 1,
                "position": "absolute",
                "right": 0,
                "top": 0,
              }
            }
          >
            <View
              style={
                Object {
                  "alignItems": "center",
                  "backgroundColor": "#bdbdbd",
                  "flex": 1,
                  "height": undefined,
                  "justifyContent": "center",
                  "width": undefined,
                }
              }
              testID="RNE__Image__placeholder"
            />
          </View>
          <View
            style={
              Object {
                "flex": 1,
                "height": undefined,
                "width": undefined,
              }
            }
            testID="RNE__Image__children__container"
          />
        </View>
      </View>
      <View
        style={
          Object {
            "paddingLeft": 16,
          }
        }
      />
      <View
        style={
          Array [
            Object {
              "alignItems": "flex-start",
              "flex": 1,
              "justifyContent": "center",
            },
            undefined,
          ]
        }
        theme={
          Object {
            "colors": Object {
              "background": "#ffffff",
              "black": "#242424",
              "disabled": "hsl(208, 8%, 90%)",
              "divider": "#bcbbc1",
              "error": "#ff190c",
              "grey0": "#393e42",
              "grey1": "#43484d",
              "grey2": "#5e6977",
              "grey3": "#86939e",
              "grey4": "#bdc6cf",
              "grey5": "#e1e8ee",
              "greyOutline": "#bbb",
              "platform": Object {
                "android": Object {
                  "error": "#f44336",
                  "grey": "rgba(0, 0, 0, 0.54)",
                  "primary": "#2196f3",
                  "searchBg": "#dcdce1",
                  "secondary": "#9C27B0",
                  "success": "#4caf50",
                  "warning": "#ffeb3b",
                },
                "default": Object {
                  "error": "#ff3b30",
                  "grey": "#7d7d7d",
                  "primary": "#007aff",
                  "searchBg": "#dcdce1",
                  "secondary": "#5856d6",
                  "success": "#4cd964",
                  "warning": "#ffcc00",
                },
                "ios": Object {
                  "error": "#ff3b30",
                  "grey": "#7d7d7d",
                  "primary": "#007aff",
                  "searchBg": "#dcdce1",
                  "secondary": "#5856d6",
                  "success": "#4cd964",
                  "warning": "#ffcc00",
                },
                "web": Object {
                  "error": "#ff190c",
                  "grey": "#393e42",
                  "primary": "#2089dc",
                  "searchBg": "#303337",
                  "secondary": "#ca71eb",
                  "success": "#52c41a",
                  "warning": "#faad14",
                },
              },
              "primary": "#2089dc",
              "searchBg": "#303337",
              "secondary": "#03dac4",
              "success": "#52c41a",
              "warning": "#faad14",
              "white": "#ffffff",
            },
            "spacing": Object {
              "lg": 12,
              "md": 8,
              "sm": 4,
              "xl": 24,
              "xs": 2,
            },
          }
        }
      >
        <Text
          accessibilityRole="text"
          style={
            Object {
              "backgroundColor": "transparent",
              "color": "#242424",
              "fontSize": 17,
            }
          }
          testID="listItemTitle"
        >
          Batman
        </Text>
      </View>
    </View>
  </View>
  <View>
    <View
      style={
        Object {
          "alignItems": "center",
          "backgroundColor": "#ffffff",
          "borderBottomWidth": 0.5,
          "borderColor": "#bcbbc1",
          "flexDirection": "row",
          "padding": 14,
        }
      }
      testID="RNE__LISTITEM__padView"
    >
      <View
        style={
          Object {
            "backgroundColor": "transparent",
            "height": 34,
            "width": 34,
          }
        }
        theme={
          Object {
            "colors": Object {
              "background": "#ffffff",
              "black": "#242424",
              "disabled": "hsl(208, 8%, 90%)",
              "divider": "#bcbbc1",
              "error": "#ff190c",
              "grey0": "#393e42",
              "grey1": "#43484d",
              "grey2": "#5e6977",
              "grey3": "#86939e",
              "grey4": "#bdc6cf",
              "grey5": "#e1e8ee",
              "greyOutline": "#bbb",
              "platform": Object {
                "android": Object {
                  "error": "#f44336",
                  "grey": "rgba(0, 0, 0, 0.54)",
                  "primary": "#2196f3",
                  "searchBg": "#dcdce1",
                  "secondary": "#9C27B0",
                  "success": "#4caf50",
                  "warning": "#ffeb3b",
                },
                "default": Object {
                  "error": "#ff3b30",
                  "grey": "#7d7d7d",
                  "primary": "#007aff",
                  "searchBg": "#dcdce1",
                  "secondary": "#5856d6",
                  "success": "#4cd964",
                  "warning": "#ffcc00",
                },
                "ios": Object {
                  "error": "#ff3b30",
                  "grey": "#7d7d7d",
                  "primary": "#007aff",
                  "searchBg": "#dcdce1",
                  "secondary": "#5856d6",
                  "success": "#4cd964",
                  "warning": "#ffcc00",
                },
                "web": Object {
                  "error": "#ff190c",
                  "grey": "#393e42",
                  "primary": "#2089dc",
                  "searchBg": "#303337",
                  "secondary": "#ca71eb",
                  "success": "#52c41a",
                  "warning": "#faad14",
                },
              },
              "primary": "#2089dc",
              "searchBg": "#303337",
              "secondary": "#03dac4",
              "success": "#52c41a",
              "warning": "#faad14",
              "white": "#ffffff",
            },
            "spacing": Object {
              "lg": 12,
              "md": 8,
              "sm": 4,
              "xl": 24,
              "xs": 2,
            },
          }
        }
      >
        <View
          accessibilityIgnoresInvertColors={true}
          style={
            Object {
              "backgroundColor": "transparent",
              "flex": 1,
              "overflow": "hidden",
              "position": "relative",
            }
          }
        >
          <Image
            onLoad={[Function]}
            source={
              Object {
                "uri": "https://www.test3.com",
              }
            }
            style={
              Object {
                "bottom": 0,
                "flex": 1,
                "height": undefined,
                "left": 0,
                "position": "absolute",
                "right": 0,
                "top": 0,
                "width": undefined,
              }
            }
            testID="RNE__Avatar__Image"
            transitionDuration={360}
          />
          <View
            accessibilityElementsHidden={true}
            collapsable={false}
            importantForAccessibility="no-hide-descendants"
            pointerEvents="none"
            style={
              Object {
                "bottom": 0,
                "left": 0,
                "opacity": 1,
                "position": "absolute",
                "right": 0,
                "top": 0,
              }
            }
          >
            <View
              style={
                Object {
                  "alignItems": "center",
                  "backgroundColor": "#bdbdbd",
                  "flex": 1,
                  "height": undefined,
                  "justifyContent": "center",
                  "width": undefined,
                }
              }
              testID="RNE__Image__placeholder"
            />
          </View>
          <View
            style={
              Object {
                "flex": 1,
                "height": undefined,
                "width": undefined,
              }
            }
            testID="RNE__Image__children__container"
          />
        </View>
      </View>
      <View
        style={
          Object {
            "paddingLeft": 16,
          }
        }
      />
      <View
        style={
          Array [
            Object {
              "alignItems": "flex-start",
              "flex": 1,
              "justifyContent": "center",
            },
            undefined,
          ]
        }
        theme={
          Object {
            "colors": Object {
              "background": "#ffffff",
              "black": "#242424",
              "disabled": "hsl(208, 8%, 90%)",
              "divider": "#bcbbc1",
              "error": "#ff190c",
              "grey0": "#393e42",
              "grey1": "#43484d",
              "grey2": "#5e6977",
              "grey3": "#86939e",
              "grey4": "#bdc6cf",
              "grey5": "#e1e8ee",
              "greyOutline": "#bbb",
              "platform": Object {
                "android": Object {
                  "error": "#f44336",
                  "grey": "rgba(0, 0, 0, 0.54)",
                  "primary": "#2196f3",
                  "searchBg": "#dcdce1",
                  "secondary": "#9C27B0",
                  "success": "#4caf50",
                  "warning": "#ffeb3b",
                },
                "default": Object {
                  "error": "#ff3b30",
                  "grey": "#7d7d7d",
                  "primary": "#007aff",
                  "searchBg": "#dcdce1",
                  "secondary": "#5856d6",
                  "success": "#4cd964",
                  "warning": "#ffcc00",
                },
                "ios": Object {
                  "error": "#ff3b30",
                  "grey": "#7d7d7d",
                  "primary": "#007aff",
                  "searchBg": "#dcdce1",
                  "secondary": "#5856d6",
                  "success": "#4cd964",
                  "warning": "#ffcc00",
                },
                "web": Object {
                  "error": "#ff190c",
                  "grey": "#393e42",
                  "primary": "#2089dc",
                  "searchBg": "#303337",
                  "secondary": "#ca71eb",
                  "success": "#52c41a",
                  "warning": "#faad14",
                },
              },
              "primary": "#2089dc",
              "searchBg": "#303337",
              "secondary": "#03dac4",
              "success": "#52c41a",
              "warning": "#faad14",
              "white": "#ffffff",
            },
            "spacing": Object {
              "lg": 12,
              "md": 8,
              "sm": 4,
              "xl": 24,
              "xs": 2,
            },
          }
        }
      >
        <Text
          accessibilityRole="text"
          style={
            Object {
              "backgroundColor": "transparent",
              "color": "#242424",
              "fontSize": 17,
            }
          }
          testID="listItemTitle"
        >
          Iron Man
        </Text>
      </View>
    </View>
  </View>
</View>
`;
