// Jest Snapshot v1, https://goo.gl/fbAQLP

exports[`<Main /> It must render and match the snapshot 1`] = `
<RCTScrollView
  style={
    Object {
      "backgroundColor": "#f3f3f3",
      "padding": 20,
    }
  }
>
  <View>
    <View
      style={
        Object {
          "flex": 1,
          "padding": 20,
        }
      }
    >
      <Text
        accessibilityRole="text"
        style={
          Object {
            "color": "#242424",
            "fontSize": 51.42857142857143,
            "fontWeight": "300",
            "marginTop": 20,
            "textAlign": "center",
          }
        }
      >
        Stargazers app
      </Text>
      <Text
        accessibilityRole="text"
        style={
          Object {
            "color": "#242424",
            "fontSize": 36,
            "fontWeight": "300",
            "marginTop": 20,
            "textAlign": "center",
          }
        }
      >
        Find out a repository stargazers
      </Text>
    </View>
    <View
      style={
        Object {
          "alignItems": "center",
        }
      }
    >
      <View
        style={
          Object {
            "paddingHorizontal": 10,
            "width": "100%",
          }
        }
        testID="RNE__Input__view-wrapper"
      >
        <View
          collapsable={false}
          style={
            Object {
              "alignItems": "center",
              "borderBottomWidth": 1,
              "borderColor": "#86939e",
              "flexDirection": "row",
              "transform": Array [
                Object {
                  "translateX": 0,
                },
              ],
            }
          }
        >
          <TextInput
            editable={true}
            onChangeText={[Function]}
            placeholder="Repo owner"
            placeholderTextColor="#86939e"
            style={
              Object {
                "color": "#242424",
                "flex": 1,
                "fontSize": 18,
                "minHeight": 40,
              }
            }
            testID="RNE__Input__text-input"
            underlineColorAndroid="transparent"
            value=""
          />
        </View>
        <Text
          style={
            Object {
              "color": "firebrick",
              "fontSize": 12,
              "margin": 5,
            }
          }
        />
      </View>
      <View
        style={
          Object {
            "paddingHorizontal": 10,
            "width": "100%",
          }
        }
        testID="RNE__Input__view-wrapper"
      >
        <View
          collapsable={false}
          style={
            Object {
              "alignItems": "center",
              "borderBottomWidth": 1,
              "borderColor": "#86939e",
              "flexDirection": "row",
              "transform": Array [
                Object {
                  "translateX": 0,
                },
              ],
            }
          }
        >
          <TextInput
            editable={true}
            onChangeText={[Function]}
            placeholder="Repo name"
            placeholderTextColor="#86939e"
            style={
              Object {
                "color": "#242424",
                "flex": 1,
                "fontSize": 18,
                "minHeight": 40,
              }
            }
            testID="RNE__Input__text-input"
            underlineColorAndroid="transparent"
            value=""
          />
        </View>
        <Text
          style={
            Object {
              "color": "firebrick",
              "fontSize": 12,
              "margin": 5,
            }
          }
        />
      </View>
      <View
        style={
          Array [
            Object {
              "overflow": "hidden",
            },
            Object {
              "borderRadius": 2,
            },
            undefined,
            false,
          ]
        }
        testID="RNE_BUTTON_WRAPPER"
      >
        <View
          accessibilityRole="button"
          accessibilityState={
            Object {
              "busy": false,
              "disabled": false,
            }
          }
          accessible={true}
          collapsable={false}
          focusable={true}
          onClick={[Function]}
          onResponderGrant={[Function]}
          onResponderMove={[Function]}
          onResponderRelease={[Function]}
          onResponderTerminate={[Function]}
          onResponderTerminationRequest={[Function]}
          onStartShouldSetResponder={[Function]}
          style={
            Object {
              "opacity": 1,
            }
          }
        >
          <View
            style={
              Object {
                "alignItems": "center",
                "backgroundColor": "black",
                "borderColor": "#2089dc",
                "borderRadius": 30,
                "borderWidth": 0,
                "flexDirection": "row",
                "justifyContent": "center",
                "marginTop": 20,
                "padding": 8,
                "paddingHorizontal": 10,
                "width": 150,
              }
            }
          >
            <Text
              style={
                Object {
                  "color": "white",
                  "fontSize": 18,
                  "paddingVertical": 1,
                  "textAlign": "center",
                }
              }
            >
              SEARCH
            </Text>
          </View>
        </View>
      </View>
    </View>
    <View
      style={
        Object {
          "flex": 1,
          "marginTop": 20,
        }
      }
    />
  </View>
</RCTScrollView>
`;
